// Jest Snapshot v1, https://goo.gl/fbAQLP

exports[`SchoolList component renders without throwing an error 1`] = `
ShallowWrapper {
  Symbol(enzyme.__root__): [Circular],
  Symbol(enzyme.__unrendered__): <SchoolList
    schools={Array []}
  />,
  Symbol(enzyme.__renderer__): Object {
    "batchedUpdates": [Function],
    "getNode": [Function],
    "render": [Function],
    "simulateError": [Function],
    "simulateEvent": [Function],
    "unmount": [Function],
  },
  Symbol(enzyme.__node__): Object {
    "instance": null,
    "key": undefined,
    "nodeType": "host",
    "props": Object {
      "children": <WithStyles(Component)
        actions={
          Array [
            Object {
              "icon": [Function],
              "onClick": [Function],
            },
            Object {
              "icon": [Function],
              "onClick": [Function],
            },
          ]
        }
        columns={
          Array [
            Object {
              "field": "name",
              "title": "Name",
            },
          ]
        }
        data={Array []}
        icons={
          Object {
            "FirstPage": [Function],
            "LastPage": [Function],
            "NextPage": [Function],
            "PreviousPage": [Function],
            "ResetSearch": [Function],
            "Search": [Function],
          }
        }
        onRowClick={[Function]}
        options={
          Object {
            "actionsColumnIndex": -1,
            "showTitle": false,
          }
        }
      />,
      "style": Object {
        "maxWidth": "100%",
      },
    },
    "ref": null,
    "rendered": Object {
      "instance": null,
      "key": undefined,
      "nodeType": "class",
      "props": Object {
        "actions": Array [
          Object {
            "icon": [Function],
            "onClick": [Function],
          },
          Object {
            "icon": [Function],
            "onClick": [Function],
          },
        ],
        "columns": Array [
          Object {
            "field": "name",
            "title": "Name",
          },
        ],
        "data": Array [],
        "icons": Object {
          "FirstPage": [Function],
          "LastPage": [Function],
          "NextPage": [Function],
          "PreviousPage": [Function],
          "ResetSearch": [Function],
          "Search": [Function],
        },
        "onRowClick": [Function],
        "options": Object {
          "actionsColumnIndex": -1,
          "showTitle": false,
        },
      },
      "ref": null,
      "rendered": null,
      "type": [Function],
    },
    "type": "div",
  },
  Symbol(enzyme.__nodes__): Array [
    Object {
      "instance": null,
      "key": undefined,
      "nodeType": "host",
      "props": Object {
        "children": <WithStyles(Component)
          actions={
            Array [
              Object {
                "icon": [Function],
                "onClick": [Function],
              },
              Object {
                "icon": [Function],
                "onClick": [Function],
              },
            ]
          }
          columns={
            Array [
              Object {
                "field": "name",
                "title": "Name",
              },
            ]
          }
          data={Array []}
          icons={
            Object {
              "FirstPage": [Function],
              "LastPage": [Function],
              "NextPage": [Function],
              "PreviousPage": [Function],
              "ResetSearch": [Function],
              "Search": [Function],
            }
          }
          onRowClick={[Function]}
          options={
            Object {
              "actionsColumnIndex": -1,
              "showTitle": false,
            }
          }
        />,
        "style": Object {
          "maxWidth": "100%",
        },
      },
      "ref": null,
      "rendered": Object {
        "instance": null,
        "key": undefined,
        "nodeType": "class",
        "props": Object {
          "actions": Array [
            Object {
              "icon": [Function],
              "onClick": [Function],
            },
            Object {
              "icon": [Function],
              "onClick": [Function],
            },
          ],
          "columns": Array [
            Object {
              "field": "name",
              "title": "Name",
            },
          ],
          "data": Array [],
          "icons": Object {
            "FirstPage": [Function],
            "LastPage": [Function],
            "NextPage": [Function],
            "PreviousPage": [Function],
            "ResetSearch": [Function],
            "Search": [Function],
          },
          "onRowClick": [Function],
          "options": Object {
            "actionsColumnIndex": -1,
            "showTitle": false,
          },
        },
        "ref": null,
        "rendered": null,
        "type": [Function],
      },
      "type": "div",
    },
  ],
  Symbol(enzyme.__options__): Object {
    "adapter": ReactSixteenAdapter {
      "options": Object {
        "enableComponentDidUpdateOnSetState": true,
        "lifecycles": Object {
          "componentDidUpdate": Object {
            "onSetState": true,
          },
          "getDerivedStateFromProps": true,
          "getSnapshotBeforeUpdate": true,
          "setState": Object {
            "skipsComponentDidUpdateOnNullish": true,
          },
        },
      },
    },
  },
}
`;
